
> my-app@0.1.0 build
> react-scripts build

Creating an optimized production build...
Compiled successfully.

File sizes after gzip:

  859.29 kB (-5 B)  build/static/js/main.29d81715.js
  42.69 kB          build/static/js/198.ee48f157.chunk.js
  15.58 kB          build/static/css/main.6043a7ee.css
  8.7 kB            build/static/js/404.78e34673.chunk.js
  1.77 kB           build/static/js/787.d4aba7ab.chunk.js

The bundle size is significantly larger than recommended.
Consider reducing it with code splitting: https://goo.gl/9VhYWB
You can also analyze the project dependencies: https://goo.gl/LeUzfb

The project was built assuming it is hosted at /.
You can control this with the homepage field in your package.json.

The build folder is ready to be deployed.
You may serve it with a static server:

  npm install -g serve
  serve -s build

Find out more about deployment here:

  https://cra.link/deployment
